// Jest Snapshot v1, https://goo.gl/fbAQLP

exports[`renders homepage unchanged 1`] = `
<DocumentFragment>
  <h1>
    404 Not Found
  </h1>
</DocumentFragment>
`;
